[testphp.vulnweb.com/login.html]
[backblue.gif]
[fade.gif]
[index.html]
[testphp.vulnweb.com/images/logo.gif]
[testphp.vulnweb.com/index.html]
[testphp.vulnweb.com/categories.html]
[testphp.vulnweb.com/artists.html]
[testphp.vulnweb.com/disclaimer.html]
[testphp.vulnweb.com/cart.html]
[testphp.vulnweb.com/guestbook.html]
[testphp.vulnweb.com/AJAX/index.html]
[testphp.vulnweb.com/signup.html]
[testphp.vulnweb.com/Flash/add.swf]
[testphp.vulnweb.com/privacy.php]
[testphp.vulnweb.com/login.html]
[testphp.vulnweb.com/style.css]
[testphp.vulnweb.com/index.html]
[testphp.vulnweb.com/hpp/index.html]
[testphp.vulnweb.com/Mod_Rewrite_Shop/index.html]
[testphp.vulnweb.com/listproductsb31a.html]
[testphp.vulnweb.com/listproducts3f7b.html]
[testphp.vulnweb.com/listproducts81ea.html]
[testphp.vulnweb.com/listproductsaa1e.html]
[testphp.vulnweb.com/categories.html]
[testphp.vulnweb.com/artists919a.html]
[testphp.vulnweb.com/commentc225.html]
[testphp.vulnweb.com/artists63d0.html]
[testphp.vulnweb.com/comment6fbe.html]
[testphp.vulnweb.com/artistseee7.html]
[testphp.vulnweb.com/commentff9a.html]
[testphp.vulnweb.com/artists.html]
[testphp.vulnweb.com/disclaimer.html]
[testphp.vulnweb.com/cart.html]
[testphp.vulnweb.com/images/remark.gif]
[testphp.vulnweb.com/guestbook.html]
[testphp.vulnweb.com/AJAX/GET]
[testphp.vulnweb.com/AJAX/POST]
[testphp.vulnweb.com/AJAX/showxml.html]
[testphp.vulnweb.com/AJAX/artists.php]
[testphp.vulnweb.com/AJAX/categories.php]
[testphp.vulnweb.com/AJAX/titles.php]
[testphp.vulnweb.com/AJAX/index.html]
[testphp.vulnweb.com/signup.html]
[testphp.vulnweb.com/privacy.html]
[testphp.vulnweb.com/Mod_Rewrite_Shop/images/1.jpg]
[testphp.vulnweb.com/Mod_Rewrite_Shop/images/2.jpg]
[testphp.vulnweb.com/Mod_Rewrite_Shop/Details/network-attached-storage-dlink/1/index.html]
[testphp.vulnweb.com/Mod_Rewrite_Shop/images/3.jpg]
[testphp.vulnweb.com/Mod_Rewrite_Shop/index.html]
[testphp.vulnweb.com/hpp/index.html]
[testphp.vulnweb.com/Mod_Rewrite_Shop/Details/web-camera-a4tech/2/index.html]
[testphp.vulnweb.com/Mod_Rewrite_Shop/Details/color-printer/3/index.html]
[testphp.vulnweb.com/hpp/indexd0f8.html]
[testphp.vulnweb.com/product193e.html]
[testphp.vulnweb.com/showimagef112.jpg]
[testphp.vulnweb.com/showimage4366.jpg]
[testphp.vulnweb.com/commentfa2a.html]
[testphp.vulnweb.com/productfeaa.html]
[testphp.vulnweb.com/showimagef1c5.jpg]
[testphp.vulnweb.com/showimage4a26.jpg]
[testphp.vulnweb.com/comment26d5.html]
[testphp.vulnweb.com/product5fb5.html]
[testphp.vulnweb.com/showimagee86c.jpg]
[testphp.vulnweb.com/showimageb91d.jpg]
[testphp.vulnweb.com/commentda41.html]
[testphp.vulnweb.com/product5f55.html]
[testphp.vulnweb.com/showimage165f.jpg]
[testphp.vulnweb.com/showimagee9a6.jpg]
[testphp.vulnweb.com/comment9f7f.html]
[testphp.vulnweb.com/product0de1.html]
[testphp.vulnweb.com/showimageaf86.jpg]
[testphp.vulnweb.com/showimage420c.jpg]
[testphp.vulnweb.com/comment8bbd.html]
[testphp.vulnweb.com/productbbb0.html]
[testphp.vulnweb.com/showimage249f.jpg]
[testphp.vulnweb.com/showimagefd96.jpg]
[testphp.vulnweb.com/comment91b3.html]
[testphp.vulnweb.com/listproductsb31a.html]
[testphp.vulnweb.com/producta8e2.html]
[testphp.vulnweb.com/showimage1b19.jpg]
[testphp.vulnweb.com/showimage3add.jpg]
[testphp.vulnweb.com/listproducts3f7b.html]
[testphp.vulnweb.com/listproducts81ea.html]
[testphp.vulnweb.com/listproductsaa1e.html]
[testphp.vulnweb.com/comment011e.html]
[testphp.vulnweb.com/artists919a.html]
[testphp.vulnweb.com/commentc225.html]
[testphp.vulnweb.com/listproducts919a.html]
[testphp.vulnweb.com/artists63d0.html]
[testphp.vulnweb.com/comment6fbe.html]
[testphp.vulnweb.com/listproducts63d0.html]
[testphp.vulnweb.com/artistseee7.html]
[testphp.vulnweb.com/commentff9a.html]
[testphp.vulnweb.com/AJAX/styles.css]
[testphp.vulnweb.com/AJAX/GET.html]
[testphp.vulnweb.com/AJAX/POST.html]
[testphp.vulnweb.com/AJAX/showxml.html]
[testphp.vulnweb.com/listproductseee7.html]
[testphp.vulnweb.com/Mod_Rewrite_Shop/Details/network-attached-storage-dlink/1/index.html]
[testphp.vulnweb.com/Mod_Rewrite_Shop/RateProduct-1.html]
[testphp.vulnweb.com/Mod_Rewrite_Shop/BuyProduct-1/index.html]
[testphp.vulnweb.com/Mod_Rewrite_Shop/Details/web-camera-a4tech/2/index.html]
[testphp.vulnweb.com/Mod_Rewrite_Shop/RateProduct-2.html]
[testphp.vulnweb.com/Mod_Rewrite_Shop/BuyProduct-2/index.html]
[testphp.vulnweb.com/Mod_Rewrite_Shop/Details/color-printer/3/index.html]
[testphp.vulnweb.com/Mod_Rewrite_Shop/RateProduct-3.html]
[testphp.vulnweb.com/Mod_Rewrite_Shop/BuyProduct-3/index.html]
[testphp.vulnweb.com/hpp/indexd0f8.html]
[testphp.vulnweb.com/product193e.html]
[testphp.vulnweb.com/commentfa2a.html]
[testphp.vulnweb.com/productfeaa.html]
[testphp.vulnweb.com/comment26d5.html]
[testphp.vulnweb.com/product5fb5.html]
[testphp.vulnweb.com/commentda41.html]
[testphp.vulnweb.com/product5f55.html]
[testphp.vulnweb.com/comment9f7f.html]
[testphp.vulnweb.com/product0de1.html]
[testphp.vulnweb.com/comment8bbd.html]
[testphp.vulnweb.com/productbbb0.html]
[testphp.vulnweb.com/comment91b3.html]
[testphp.vulnweb.com/producta8e2.html]
[testphp.vulnweb.com/comment011e.html]
[testphp.vulnweb.com/listproducts919a.html]
[testphp.vulnweb.com/listproducts63d0.html]
[testphp.vulnweb.com/listproductseee7.html]
[testphp.vulnweb.com/Mod_Rewrite_Shop/BuyProduct-1/index.html]
[testphp.vulnweb.com/Mod_Rewrite_Shop/RateProduct-1.html]
[testphp.vulnweb.com/Mod_Rewrite_Shop/BuyProduct-2/index.html]
[testphp.vulnweb.com/Mod_Rewrite_Shop/RateProduct-2.html]
[testphp.vulnweb.com/Mod_Rewrite_Shop/BuyProduct-3/index.html]
[testphp.vulnweb.com/Mod_Rewrite_Shop/RateProduct-3.html]
[testphp.vulnweb.com/hpp/params94dc.html]
[testphp.vulnweb.com/hpp/params94dc.html]
